[
  {
    "question": "What is the 2024/25 ISA allowance?",
    "answer": "The ISA allowance for 2024/25 is \u00a320,000."
  }
]
