[
  {"text": "Invoice 123: Sales 100, VAT 20, Total 120"},
  {"text": "Invoice 456: Sales 200, VAT 40, Total 240"}
]
