[
  {
    "question": "What is the current VAT rate in the UK?",
    "answer": "The standard VAT rate in the UK is 20%."
  }
]
